###############################################################################
#
# IAR ELF Linker V8.40.1.212/W32 for ARM                  23/Dec/2019  17:54:38
# Copyright 2007-2019 IAR Systems AB.
#
#    Output file  =
#        D:\VB_Shared\Mini58
#        Resources\Mini58_Series_BSP_CMSIS_v3.01.000\SampleCode\StdDriver\KEUS_Embedded_Switch\IAR\Debug\Exe\GPIO_LED.out
#    Map file     =
#        D:\VB_Shared\Mini58
#        Resources\Mini58_Series_BSP_CMSIS_v3.01.000\SampleCode\StdDriver\KEUS_Embedded_Switch\IAR\Debug\List\GPIO_LED.map
#    Command line =
#        -f C:\Users\Souvik\AppData\Local\Temp\EWE29C.tmp ("D:\VB_Shared\Mini58
#        Resources\Mini58_Series_BSP_CMSIS_v3.01.000\SampleCode\StdDriver\KEUS_Embedded_Switch\IAR\Debug\Obj\button.o"
#        "D:\VB_Shared\Mini58
#        Resources\Mini58_Series_BSP_CMSIS_v3.01.000\SampleCode\StdDriver\KEUS_Embedded_Switch\IAR\Debug\Obj\clk.o"
#        "D:\VB_Shared\Mini58
#        Resources\Mini58_Series_BSP_CMSIS_v3.01.000\SampleCode\StdDriver\KEUS_Embedded_Switch\IAR\Debug\Obj\gpio.o"
#        "D:\VB_Shared\Mini58
#        Resources\Mini58_Series_BSP_CMSIS_v3.01.000\SampleCode\StdDriver\KEUS_Embedded_Switch\IAR\Debug\Obj\keusActions.o"
#        "D:\VB_Shared\Mini58
#        Resources\Mini58_Series_BSP_CMSIS_v3.01.000\SampleCode\StdDriver\KEUS_Embedded_Switch\IAR\Debug\Obj\keusuart.o"
#        "D:\VB_Shared\Mini58
#        Resources\Mini58_Series_BSP_CMSIS_v3.01.000\SampleCode\StdDriver\KEUS_Embedded_Switch\IAR\Debug\Obj\main.o"
#        "D:\VB_Shared\Mini58
#        Resources\Mini58_Series_BSP_CMSIS_v3.01.000\SampleCode\StdDriver\KEUS_Embedded_Switch\IAR\Debug\Obj\pwm.o"
#        "D:\VB_Shared\Mini58
#        Resources\Mini58_Series_BSP_CMSIS_v3.01.000\SampleCode\StdDriver\KEUS_Embedded_Switch\IAR\Debug\Obj\retarget.o"
#        "D:\VB_Shared\Mini58
#        Resources\Mini58_Series_BSP_CMSIS_v3.01.000\SampleCode\StdDriver\KEUS_Embedded_Switch\IAR\Debug\Obj\startup_Mini58Series.o"
#        "D:\VB_Shared\Mini58
#        Resources\Mini58_Series_BSP_CMSIS_v3.01.000\SampleCode\StdDriver\KEUS_Embedded_Switch\IAR\Debug\Obj\sys.o"
#        "D:\VB_Shared\Mini58
#        Resources\Mini58_Series_BSP_CMSIS_v3.01.000\SampleCode\StdDriver\KEUS_Embedded_Switch\IAR\Debug\Obj\system_Mini58Series.o"
#        "D:\VB_Shared\Mini58
#        Resources\Mini58_Series_BSP_CMSIS_v3.01.000\SampleCode\StdDriver\KEUS_Embedded_Switch\IAR\Debug\Obj\timer.o"
#        "D:\VB_Shared\Mini58
#        Resources\Mini58_Series_BSP_CMSIS_v3.01.000\SampleCode\StdDriver\KEUS_Embedded_Switch\IAR\Debug\Obj\uart.o"
#        --redirect _Printf=_PrintfTiny --redirect _Scanf=_ScanfSmall
#        --no_out_extension -o "D:\VB_Shared\Mini58
#        Resources\Mini58_Series_BSP_CMSIS_v3.01.000\SampleCode\StdDriver\KEUS_Embedded_Switch\IAR\Debug\Exe\GPIO_LED.out"
#        --map "D:\VB_Shared\Mini58
#        Resources\Mini58_Series_BSP_CMSIS_v3.01.000\SampleCode\StdDriver\KEUS_Embedded_Switch\IAR\Debug\List\GPIO_LED.map"
#        --config "C:\Program Files (x86)\IAR Systems\Embedded Workbench
#        8.3\arm\CONFIG\generic_cortex.icf" --semihosting --entry Reset_Handler
#        --inline --vfe --text_out locale)
#
###############################################################################

*******************************************************************************
*** RUNTIME MODEL ATTRIBUTES
***

CppFlavor       = *
__SystemLibrary = DLib
__dlib_version  = 6


*******************************************************************************
*** HEAP SELECTION
***

The basic heap was selected because no calls to memory allocation
functions were found in the application outside of system library
functions, and there are calls to deallocation functions in the
application.


*******************************************************************************
*** PLACEMENT SUMMARY
***

"A0":  place at address 0x0 { ro section .intvec };
"P1":  place in [from 0x0 to 0x7'ffff] { ro };
define block CSTACK with size = 1K, alignment = 8 { };
define block PROC_STACK with size = 0, alignment = 8 { };
define block HEAP with size = 2K, alignment = 8 { };
"P2":  place in [from 0x2000'0000 to 0x2000'ffff] {
          rw, block CSTACK, block PROC_STACK, block HEAP };
initialize by copy { rw };

  Section            Kind         Address    Size  Object
  -------            ----         -------    ----  ------
"A0":                                        0xc0
  .intvec            ro code          0x0    0xc0  startup_Mini58Series.o [1]
                                   - 0xc0    0xc0

"P1":                                      0x130c
  .text              ro code         0xc0   0x5d0  keusActions.o [1]
  .text              ro code        0x690    0xe0  I32DivModFast.o [4]
  .text              ro code        0x770   0x150  pwm.o [1]
  .text              ro code        0x8c0    0x4a  gpio.o [1]
  .text              ro code        0x90c   0x104  keusuart.o [1]
  .text              ro code        0xa10    0xa4  timer.o [1]
  .text              ro code        0xab4    0xfc  uart.o [1]
  .text              ro code        0xbb0   0x1ea  main.o [1]
  .text              ro code        0xd9c   0x128  button.o [1]
  .text              ro code        0xec4    0x20  clk.o [1]
  .text              ro code        0xee4    0xa0  system_Mini58Series.o [1]
  .text              ro code        0xf84   0x172  xprintftiny.o [2]
  .text              ro code       0x10f8     0xe  strlen.o [4]
  .text              ro code       0x1108   0x120  retarget.o [1]
  .text              ro code       0x1228    0x28  printf.o [2]
  .text              ro code       0x1250    0x3c  zero_init3.o [4]
  .text              ro code       0x128c    0x3c  packbits_init_single.o [4]
  .text              ro code       0x12c8    0x28  data_init.o [4]
  .iar.init_table    const         0x12f0    0x20  - Linker created -
  .text              ro code       0x1310    0x1e  cmain.o [4]
  .text              ro code       0x132e     0x8  exit.o [2]
  .text              ro code       0x1338     0xa  cexit.o [4]
  .text              ro code       0x1344    0x14  exit.o [5]
  .text              ro code       0x1358    0x16  xprout.o [2]
  .text              ro code       0x1370    0x10  putchar.o [2]
  .text              ro code       0x1380     0xc  cstartup_M.o [4]
  .text              ro code       0x138c     0x8  startup_Mini58Series.o [1]
  .text              ro code       0x1394     0x2  startup_Mini58Series.o [1]
  .rodata            const         0x1396     0x0  zero_init3.o [4]
  .rodata            const         0x1396     0x0  packbits_init_single.o [4]
  Initializer bytes  const         0x1396    0x36  <for P2-1>
                                 - 0x13cc  0x130c

"P2", part 1 of 3:                           0x58
  P2-1                        0x2000'0000    0x58  <Init block>
    .data            inited   0x2000'0000     0x4  system_Mini58Series.o [1]
    .data            inited   0x2000'0004     0xc  system_Mini58Series.o [1]
    .data            inited   0x2000'0010    0x48  xfiles.o [2]
                            - 0x2000'0058    0x58

"P2", part 2 of 3:                           0x88
  .bss               zero     0x2000'0058    0x50  xfiles.o [2]
  .bss               zero     0x2000'00a8    0x1f  keusActions.o [1]
  .bss               zero     0x2000'00c8    0x10  keusuart.o [1]
  .bss               zero     0x2000'00d8     0x8  main.o [1]
                            - 0x2000'00e0    0x88

"P2", part 3 of 3:                          0x400
  CSTACK                      0x2000'00e0   0x400  <Block>
    CSTACK           uninit   0x2000'00e0   0x400  <Block tail>
                            - 0x2000'04e0   0x400

Unused ranges:

         From           To      Size
         ----           --      ----
       0x13cc     0x7'ffff  0x7'ec34
  0x2000'04e0  0x2000'ffff    0xfb20


*******************************************************************************
*** INIT TABLE
***

          Address      Size
          -------      ----
Zero (__iar_zero_init3)
    1 destination range, total size 0x88:
          0x2000'0058  0x88

Copy/packbits (__iar_packbits_init_single3)
    1 source range, total size 0x36 (61% of destination):
               0x1396  0x36
    1 destination range, total size 0x58:
          0x2000'0000  0x58



*******************************************************************************
*** MODULE SUMMARY
***

    Module                  ro code  ro data  rw data
    ------                  -------  -------  -------
command line/config:
    -------------------------------------------------
    Total:

D:\VB_Shared\Mini58 Resources\Mini58_Series_BSP_CMSIS_v3.01.000\SampleCode\StdDriver\KEUS_Embedded_Switch\IAR\Debug\Obj: [1]
    button.o                    296
    clk.o                        32
    gpio.o                       74
    keusActions.o             1'488                31
    keusuart.o                  260                16
    main.o                      490                 8
    pwm.o                       336
    retarget.o                  288
    startup_Mini58Series.o      202
    system_Mini58Series.o       160        9       16
    timer.o                     164
    uart.o                      252
    -------------------------------------------------
    Total:                    4'042        9       71

dl6M_tlf.a: [2]
    exit.o                        8
    printf.o                     40
    putchar.o                    16
    xfiles.o                              45      152
    xprintftiny.o               370
    xprout.o                     22
    -------------------------------------------------
    Total:                      456       45      152

m6M_tl.a: [3]
    -------------------------------------------------
    Total:

rt6M_tl.a: [4]
    I32DivModFast.o             224
    cexit.o                      10
    cmain.o                      30
    cstartup_M.o                 12
    data_init.o                  40
    packbits_init_single.o       60
    strlen.o                     14
    zero_init3.o                 60
    -------------------------------------------------
    Total:                      450

shb_l.a: [5]
    exit.o                       20
    -------------------------------------------------
    Total:                       20

    Gaps                         14                 1
    Linker created                        32    1'024
-----------------------------------------------------
    Grand Total:              4'982       86    1'248


*******************************************************************************
*** ENTRY LIST
***

Entry                       Address   Size  Type      Object
-----                       -------   ----  ----      ------
.iar.init_table$$Base        0x12f0          --   Gb  - Linker created -
.iar.init_table$$Limit       0x1310          --   Gb  - Linker created -
?main                        0x1311         Code  Gb  cmain.o [4]
CLK_WaitClockReady            0xec5   0x18  Code  Gb  clk.o [1]
CSTACK$$Base            0x2000'00e0          --   Gb  - Linker created -
CSTACK$$Limit           0x2000'04e0          --   Gb  - Linker created -
CyclesPerUs             0x2000'000c    0x4  Data  Gb  system_Mini58Series.o [1]
EINT0_IRQHandler              0xdc5   0x12  Code  Gb  button.o [1]
EINT1_IRQHandler              0xdd7   0x12  Code  Gb  button.o [1]
GPIO234_IRQHandler            0xd9d   0x28  Code  Gb  button.o [1]
GPIO_EnableInt                0x8ef   0x1c  Code  Gb  gpio.o [1]
GPIO_SetMode                  0x8c1   0x2e  Code  Gb  gpio.o [1]
HardFault_Handler            0x1165   0x18  Code  Gb  retarget.o [1]
Hard_Fault_Handler           0x1151   0x12  Code  Gb  retarget.o [1]
KEUS_init                     0xc2b   0x7e  Code  Gb  main.o [1]
PWM_ConfigOutputChannel
                              0x771   0xfe  Code  Gb  pwm.o [1]
PWM_EnableOutput              0x89d    0xa  Code  Gb  pwm.o [1]
PWM_Start                     0x86f   0x2e  Code  Gb  pwm.o [1]
PllClock                0x2000'0008    0x4  Data  Gb  system_Mini58Series.o [1]
Region$$Table$$Base          0x12f0          --   Gb  - Linker created -
Region$$Table$$Limit         0x1310          --   Gb  - Linker created -
Reset_Handler                0x138d         Code  Wk  startup_Mini58Series.o [1]
SYS_Init                      0xca9   0xbc  Code  Gb  main.o [1]
SendChar_ToUART              0x117d    0x2  Code  Gb  retarget.o [1]
SystemCoreClock         0x2000'0004    0x4  Data  Gb  system_Mini58Series.o [1]
SystemCoreClockUpdate         0xee5   0x84  Code  Gb  system_Mini58Series.o [1]
TIMER_Close                   0xa95    0x8  Code  Gb  timer.o [1]
TIMER_Open                    0xa11   0x84  Code  Gb  timer.o [1]
TMR0_IRQHandler               0x499   0x14  Code  Gb  keusActions.o [1]
UART0_IRQHandler              0x90d   0x7e  Code  Gb  keusuart.o [1]
UART_Open                     0xab5   0xb8  Code  Gb  uart.o [1]
UART_Write                    0xb7d   0x30  Code  Gb  uart.o [1]
UART_tx                       0x98b   0x3a  Code  Gb  keusuart.o [1]
_PrintfTiny                   0xf9f  0x158  Code  Gb  xprintftiny.o [2]
_Prout                       0x1359   0x16  Code  Gb  xprout.o [2]
__HSI                   0x2000'0000    0x4  Data  Gb  system_Mini58Series.o [1]
__aeabi_idiv                  0x6bd         Code  Gb  I32DivModFast.o [4]
__aeabi_idivmod               0x6bd         Code  Gb  I32DivModFast.o [4]
__aeabi_uidiv                 0x6c3         Code  Gb  I32DivModFast.o [4]
__aeabi_uidivmod              0x6c3         Code  Gb  I32DivModFast.o [4]
__cmain                      0x1311         Code  Gb  cmain.o [4]
__exit                       0x1345   0x14  Code  Gb  exit.o [5]
__iar_Stdout            0x2000'0010   0x48  Data  Gb  xfiles.o [2]
__iar_data_init3             0x12c9   0x28  Code  Gb  data_init.o [4]
__iar_packbits_init_single3
                             0x128d   0x3c  Code  Gb  packbits_init_single.o [4]
__iar_program_start          0x1381         Code  Gb  cstartup_M.o [4]
__iar_zero_init3             0x1251   0x3c  Code  Gb  zero_init3.o [4]
__vector_table                  0x0         Data  Gb  startup_Mini58Series.o [1]
_call_main                   0x131d         Code  Gb  cmain.o [4]
_exit                        0x1339         Code  Gb  cexit.o [4]
_main                        0x132b         Code  Gb  cmain.o [4]
application_init              0xbb1   0x7a  Code  Gb  main.o [1]
arr_led                 0x2000'00a8    0x8  Data  Gb  keusActions.o [1]
commandId               0x2000'00c4    0x1  Data  Gb  keusActions.o [1]
configSwitch                  0x59d   0x52  Code  Gb  keusActions.o [1]
executeSwitchState            0x331  0x11c  Code  Gb  keusActions.o [1]
exit                         0x132f    0x8  Code  Gb  exit.o [2]
fputc                        0x119f    0xc  Code  Gb  retarget.o [1]
g0_bufferCounter        0x2000'00c8    0x1  Data  Gb  keusuart.o [1]
g0_endMessageIndex      0x2000'00ca    0x1  Data  Gb  keusuart.o [1]
g0_shouldSaveToBuffer   0x2000'00c9    0x1  Data  Gb  keusuart.o [1]
g0_u8RecData            0x2000'00cc    0xc  Data  Gb  keusuart.o [1]
getConfig                     0x621   0x30  Code  Gb  keusActions.o [1]
getSwitchState                0x5ef   0x32  Code  Gb  keusActions.o [1]
keusAppEvents           0x2000'00dc    0x4  Data  Gb  main.o [1]
keus_button_init              0xde9   0xb4  Code  Gb  button.o [1]
keus_config_switch_init
                              0x523   0x76  Code  Gb  keusActions.o [1]
keus_uart_init                0x9c5   0x34  Code  Gb  keusuart.o [1]
main                          0xd8d    0xe  Code  Gb  main.o [1]
obuf                    0x2000'0058   0x50  Data  Lc  xfiles.o [2]
out                           0xf85   0x1a  Code  Lc  xprintftiny.o [2]
parseUart                     0x4b1   0x2a  Code  Gb  keusActions.o [1]
printf                       0x1229   0x28  Code  Gb  printf.o [2]
putchar                      0x1371   0x10  Code  Gb  putchar.o [2]
retryBuffer             0x2000'00bc    0x8  Data  Gb  keusActions.o [1]
retryDataLen            0x2000'00c6    0x1  Data  Gb  keusActions.o [1]
retryGettingAck               0x455   0x44  Code  Gb  keusActions.o [1]
setOutputPins                 0x10d   0xdc  Code  Gb  keusActions.o [1]
setPwmDuty                     0xc1   0x4c  Code  Gb  keusActions.o [1]
stackDump                    0x1109   0x48  Code  Gb  retarget.o [1]
strlen                       0x10f9         Code  Gb  strlen.o [4]
taskHandler                   0x4e1   0x42  Code  Gb  keusActions.o [1]
tester                  0x2000'00d8    0x1  Data  Gb  main.o [1]
toggleLed                     0x1e9  0x12e  Code  Gb  keusActions.o [1]
txnId                   0x2000'00c5    0x1  Data  Gb  keusActions.o [1]
uartDataBuffer          0x2000'00b0    0xc  Data  Gb  keusActions.o [1]


[1] = D:\VB_Shared\Mini58 Resources\Mini58_Series_BSP_CMSIS_v3.01.000\SampleCode\StdDriver\KEUS_Embedded_Switch\IAR\Debug\Obj
[2] = dl6M_tlf.a
[3] = m6M_tl.a
[4] = rt6M_tl.a
[5] = shb_l.a

  4'982 bytes of readonly  code memory
     86 bytes of readonly  data memory
  1'248 bytes of readwrite data memory

Errors: none
Warnings: none
